// Vitest Snapshot v1, https://vitest.dev/guide/snapshot.html

exports[`GET /api/products — dedup behavior-preservation snapshot (CODEDUP-01) > returns the same products/summary/pagination/meta payload pre and post refactor 1`] = `
{
  "meta": {
    "anvisaStats": {
      "catalog": 0,
      "issuedNfe": 0,
      "manual": 0,
      "missing": 3,
      "xml": 0,
    },
    "invoicesLimited": false,
    "maxInvoices": 3000,
  },
  "pagination": {
    "limit": 50,
    "page": 1,
    "pages": 1,
    "total": 3,
  },
  "products": [
    {
      "anvisa": null,
      "anvisaConfidence": null,
      "anvisaDataset": null,
      "anvisaExpiration": null,
      "anvisaHolder": null,
      "anvisaManufacturer": null,
      "anvisaManufacturerCountry": null,
      "anvisaMatchMethod": null,
      "anvisaMatchedProductName": null,
      "anvisaProcess": null,
      "anvisaRiskClass": null,
      "anvisaStatus": null,
      "averagePrice": 5000,
      "code": "VALVE-100",
      "codigo": null,
      "defaultSupplier": null,
      "description": "Valvula Cardiaca Importada",
      "ean": null,
      "fiscalCest": null,
      "fiscalCfopEntrada": null,
      "fiscalCfopSaida": null,
      "fiscalCofins": null,
      "fiscalCstCofins": null,
      "fiscalCstIpi": null,
      "fiscalCstPis": null,
      "fiscalFcp": null,
      "fiscalIcms": null,
      "fiscalIpi": null,
      "fiscalNomeTributacao": null,
      "fiscalObs": null,
      "fiscalObsIcms": null,
      "fiscalObsPisCofins": null,
      "fiscalOrigem": null,
      "fiscalPis": null,
      "fiscalSitTributaria": null,
      "instrumental": false,
      "invoiceCount": 1,
      "key": "CODE:VALVE-100::UNIT:UN",
      "lastInvoiceId": "inv-import-1",
      "lastInvoiceNumber": "2001",
      "lastIssueDate": "2026-02-05T00:00:00.000Z",
      "lastPrice": 5000,
      "lastSaleDate": null,
      "lastSalePrice": null,
      "lastSupplierCnpj": "22222222000122",
      "lastSupplierName": "Corcym Fornecedor Exterior",
      "manufacturerShortName": null,
      "ncm": "90211010",
      "outOfLine": false,
      "productRefs": [],
      "productSubgroup": null,
      "productSubtype": "VALVULAS IMPORTADAS",
      "productType": "LINHA CARDIACA",
      "shortName": null,
      "totalQuantity": 2,
      "unit": "UN",
    },
    {
      "anvisa": null,
      "anvisaConfidence": null,
      "anvisaDataset": null,
      "anvisaExpiration": null,
      "anvisaHolder": null,
      "anvisaManufacturer": null,
      "anvisaManufacturerCountry": null,
      "anvisaMatchMethod": null,
      "anvisaMatchedProductName": null,
      "anvisaProcess": null,
      "anvisaRiskClass": null,
      "anvisaStatus": null,
      "averagePrice": 12,
      "code": "PROD-002",
      "codigo": null,
      "defaultSupplier": null,
      "description": "Seringa Descartavel",
      "ean": null,
      "fiscalCest": null,
      "fiscalCfopEntrada": null,
      "fiscalCfopSaida": null,
      "fiscalCofins": null,
      "fiscalCstCofins": null,
      "fiscalCstIpi": null,
      "fiscalCstPis": null,
      "fiscalFcp": null,
      "fiscalIcms": null,
      "fiscalIpi": null,
      "fiscalNomeTributacao": null,
      "fiscalObs": null,
      "fiscalObsIcms": null,
      "fiscalObsPisCofins": null,
      "fiscalOrigem": null,
      "fiscalPis": null,
      "fiscalSitTributaria": null,
      "instrumental": false,
      "invoiceCount": 1,
      "key": "CODE:PROD-002::UNIT:CX",
      "lastInvoiceId": "inv-received-1",
      "lastInvoiceNumber": "1001",
      "lastIssueDate": "2026-01-10T00:00:00.000Z",
      "lastPrice": 12,
      "lastSaleDate": null,
      "lastSalePrice": null,
      "lastSupplierCnpj": "11111111000111",
      "lastSupplierName": "Fornecedor Teste Ltda",
      "manufacturerShortName": null,
      "ncm": "90183900",
      "outOfLine": false,
      "productRefs": [],
      "productSubgroup": null,
      "productSubtype": null,
      "productType": null,
      "shortName": null,
      "totalQuantity": 5,
      "unit": "CAIXA",
    },
    {
      "anvisa": null,
      "anvisaConfidence": null,
      "anvisaDataset": null,
      "anvisaExpiration": null,
      "anvisaHolder": null,
      "anvisaManufacturer": null,
      "anvisaManufacturerCountry": null,
      "anvisaMatchMethod": null,
      "anvisaMatchedProductName": null,
      "anvisaProcess": null,
      "anvisaRiskClass": null,
      "anvisaStatus": null,
      "averagePrice": 2.5,
      "code": "PROD-001",
      "codigo": null,
      "defaultSupplier": null,
      "description": "Luva Cirurgica Esteril",
      "ean": null,
      "fiscalCest": null,
      "fiscalCfopEntrada": null,
      "fiscalCfopSaida": null,
      "fiscalCofins": null,
      "fiscalCstCofins": null,
      "fiscalCstIpi": null,
      "fiscalCstPis": null,
      "fiscalFcp": null,
      "fiscalIcms": null,
      "fiscalIpi": null,
      "fiscalNomeTributacao": null,
      "fiscalObs": null,
      "fiscalObsIcms": null,
      "fiscalObsPisCofins": null,
      "fiscalOrigem": null,
      "fiscalPis": null,
      "fiscalSitTributaria": null,
      "instrumental": false,
      "invoiceCount": 1,
      "key": "CODE:PROD-001::UNIT:UN",
      "lastInvoiceId": "inv-received-1",
      "lastInvoiceNumber": "1001",
      "lastIssueDate": "2026-01-10T00:00:00.000Z",
      "lastPrice": 2.5,
      "lastSaleDate": null,
      "lastSalePrice": null,
      "lastSupplierCnpj": "11111111000111",
      "lastSupplierName": "Fornecedor Teste Ltda",
      "manufacturerShortName": null,
      "ncm": "40151900",
      "outOfLine": false,
      "productRefs": [],
      "productSubgroup": null,
      "productSubtype": null,
      "productType": null,
      "shortName": null,
      "totalQuantity": 7,
      "unit": "UNID",
    },
  ],
  "summary": {
    "invoicesProcessed": 1,
    "productsWithAnvisa": 0,
    "totalProducts": 3,
    "totalQuantity": 14,
  },
}
`;
